// Jest Snapshot v1, https://goo.gl/fbAQLP

exports[`Dashboard should renders dashboard component 1`] = `
<div>
  <div
    style="background-color: rgb(215, 219, 216); display: flex; justify-content: space-between; align-items: center; padding-right: 10px; padding-left: 10px;"
  >
    <h1>
      HackIdeas
    </h1>
    <button
      class="ant-btn"
      type="button"
    >
      <span>
        Logout
      </span>
    </button>
  </div>
  <div
    style="margin: 30px;"
  >
    <div
      class="ant-row ant-row-end ant-row-center"
      style="margin-bottom: 3rem;"
    >
      <h3>
        Sort By 
      </h3>
      <div
        class="ant-select ant-select-single ant-select-show-arrow"
        style="width: 150px; margin-right: 10px; margin-left: 10px;"
      >
        <div
          class="ant-select-selector"
        >
          <span
            class="ant-select-selection-search"
          >
            <input
              aria-activedescendant="rc_select_TEST_OR_SSR_list_0"
              aria-autocomplete="list"
              aria-controls="rc_select_TEST_OR_SSR_list"
              aria-haspopup="listbox"
              aria-owns="rc_select_TEST_OR_SSR_list"
              autocomplete="off"
              class="ant-select-selection-search-input"
              id="rc_select_TEST_OR_SSR"
              readonly=""
              role="combobox"
              style="opacity: 0;"
              type="search"
              unselectable="on"
              value=""
            />
          </span>
          <span
            class="ant-select-selection-placeholder"
          />
        </div>
        <span
          aria-hidden="true"
          class="ant-select-arrow"
          style="user-select: none;"
          unselectable="on"
        >
          <span
            aria-label="down"
            class="anticon anticon-down ant-select-suffix"
            role="img"
          >
            <svg
              aria-hidden="true"
              data-icon="down"
              fill="currentColor"
              focusable="false"
              height="1em"
              viewBox="64 64 896 896"
              width="1em"
            >
              <path
                d="M884 256h-75c-5.1 0-9.9 2.5-12.9 6.6L512 654.2 227.9 262.6c-3-4.1-7.8-6.6-12.9-6.6h-75c-6.5 0-10.3 7.4-6.5 12.7l352.6 486.1c12.8 17.6 39 17.6 51.7 0l352.6-486.1c3.9-5.3.1-12.7-6.4-12.7z"
              />
            </svg>
          </span>
        </span>
      </div>
    </div>
    <div
      style="display: flex; justify-content: end; align-items: center; margin-bottom: 10px;"
    >
      <button
        class="ant-btn"
        type="button"
      >
        <span>
           + Add HackIdea
        </span>
      </button>
    </div>
    <div
      style="display: flex; flex-direction: column; border-style: solid; border-radius: 2px; margin-bottom: 1rem; padding-bottom: 0.5rem;"
    >
      <div
        style="display: flex; justify-content: space-between; align-items: center; background-color: rgb(215, 219, 216); padding: 1rem;"
      >
        <b>
          TITLE 1
        </b>
        <div
          style="display: flex; align-items: center; background-color: rgb(215, 219, 216); margin-right: 10px; margin-left: 10px;"
        >
          <img
            alt="thumbsup"
            height="100%"
            src="/thumbsup.png"
            width="100%"
          />
          <div
            style="margin-left: 1rem;"
          >
            (
            0
            )
          </div>
        </div>
      </div>
      <div
        style="display: flex;"
      >
        <div
          style="flex: 1; margin-left: 10%; padding-right: 5%;"
        >
          <h3>
             Description : 
          </h3>
        </div>
        <div
          style="flex: 3;"
        >
          <h3>
             
            Description 1
             
          </h3>
        </div>
      </div>
      <div
        style="display: flex;"
      >
        <div
          style="flex: 1; margin-left: 10%; padding-right: 5%;"
        >
          <h3>
            Tags : 
          </h3>
        </div>
        <div
          style="flex: 3;"
        >
          <span
            class="ant-tag"
          >
            feature
          </span>
        </div>
      </div>
    </div>
  </div>
</div>
`;
